Linux version 2.6.14.7-tiny1 (jren1@silw2005) (gcc version 4.1.1) #7 PREEMPT Fri Sep 22 00:15:32 PDT 2006
CPU: XScale3-monahans [69056880] revision 0 (ARMv5TE)
Machine: Intel Monahans Development Platform (aka Zylonite)
Memory policy: ECC disabled, Data cache writeback
Run Mode Clock: 312MHz
Turbo Mode Clock: 624MHz
High Speed I/O Bus Clock: 208MHz
On node 0 totalpages: 16384
  DMA zone: 16384 pages, LIFO batch:7
  Normal zone: 0 pages, LIFO batch:1
  HighMem zone: 0 pages, LIFO batch:1
CPU0: D VIVT undefined 5 cache
CPU0: I cache: 32768 bytes, associativity 4, 32 byte lines, 256 sets
CPU0: D cache: 32768 bytes, associativity 4, 32 byte lines, 256 sets
Built 1 zonelists
Kernel command line: root=/dev/nfs nfsroot=192.168.1.100:/localdisk/opt/rootfs,rw,rsize=1024,wsize=1024 ip=192.168.1.101:192.168.1.100::255.255.255.0::eth0:on console=ttyS0,38400 mem=64M
PID hash table entries: 512 (order: 9, 8192 bytes)
Console: colour dummy device 80x30
Dentry cache hash table entries: 16384 (order: 4, 65536 bytes)
Inode-cache hash table entries: 8192 (order: 3, 32768 bytes)
Memory: 64MB = 64MB total
Memory: 61440KB available (2761K code, 532K data, 108K init)
Calibrating delay loop... 622.59 BogoMIPS (lpj=3112960)
Mount-cache hash table entries: 512
CPU: Testing write buffer coherency: failed, enabling work-around
softlockup thread 0 started up.
NET: Registered protocol family 16
SCSI subsystem initialized
usbcore: registered new driver usbfs
usbcore: registered new driver hub
NET: Registered protocol family 23
Register device ipmc successgul.
 Initialize IPM performance perfiler.
Intel(c) Memory Management - Heterogeneous Memory Allocation
Intel(c) Memory Management - Page Attribute Manipulation
Intel(c) Memory Management is now Enabled
NetWinder Floating Point Emulator V0.97 (double precision)
JFFS2 version 2.2. (NAND) (C) 2001-2003 Red Hat, Inc.
Initializing Cryptographic API
i2c /dev entries driver
I2C: i2c-0: PXA I2C adapter
arava(chip id:0x50) detected.
GPIO expander 0 detected!
GPIO expander 1 detected!
GPIO-expander driver for Monahans
pxa2xx-fb pxa2xx-fb: machine LCCR3 setting contains illegal bits: 00300000
Console: switching to colour frame buffer device 30x20
Load PXA Overlay driver successfully!
PXA Real Time Clock driver v1.02
ttyS0 at MMIO map 0x40100000 mem 0xf6100000 (irq = 22) is a FFUART
ttyS1 at MMIO map 0x40200000 mem 0xf6200000 (irq = 21) is a BTUART
ttyS2 at MMIO map 0x40700000 mem 0xf6700000 (irq = 20) is a STUART
io scheduler noop registered
io scheduler anticipatory registered
io scheduler deadline registered
io scheduler cfq registered
RAMDISK driver initialized: 16 RAM disks of 4096K size 1024 blocksize
loop: loaded (max 8 devices)
smc91x.c: v1.1, sep 22 2004 by Nicolas Pitre <nico@cam.org>
eth0: SMC91C11xFD (rev 1) at c4a0e300 IRQ 150 DMA 16 [nowait]
eth0: Ethernet addr: 00:0e:0c:80:79:87
eth0: PHY LAN83C183 (LAN91C111 Internal)
Linux video capture interface: v1.00
PXA_CAMERA: PXA Camera driver loaded for/dev/video0 
OV7660 detected.
Uniform Multi-Platform E-IDE driver Revision: 7.00alpha2
ide: Assuming 50MHz system bus speed for PIO modes; override with idebus=xx
id:0xb12c, chipid:0x46ec
id:0xb12c, chipid:0xa12c
id:0xb12c, chipid:0xb12c
Try to allocate dma buffer(len:2176) for data buffer + 2*descriptor + command buffer
NAND device: Manufacturer ID: 0x2c, Chip ID: 0xb1 (Micron NAND 128MiB 1,8V 16-bit)
Relocation table recognized, totally 0 block relocated
Flash size is 0x7020000 bytes
Bad block table found at page 57344, version 0x01
Bad block table found at page 57280, version 0x01
Creating 5 MTD partitions on "NAND 128MiB 1,8V 16-bit":
0x00000000-0x00040000 : "Bootloader"
0x00040000-0x00240000 : "Kernel"
0x00240000-0x01240000 : "Filesystem"
0x01240000-0x06f80000 : "MassStorage"
0x06f80000-0x07020000 : "BBT"
usbmon: debugfs is not available
pxa-ohci pxa-ohci: PXA27x OHCI
pxa-ohci pxa-ohci: new USB bus registered, assigned bus number 1
pxa-ohci pxa-ohci: irq 3, io mem 0x4c000000
hub 1-0:1.0: USB hub found
hub 1-0:1.0: 3 ports detected
usbcore: registered new driver cdc_acm
drivers/usb/class/cdc-acm.c: v0.23:USB Abstract Control Model driver for USB modems and ISDN adapters
Initializing USB Mass Storage driver...
usbcore: registered new driver usb-storage
USB Mass Storage support registered.
usbcore: registered new driver usbhid
drivers/usb/input/hid-core.c: v2.6:USB HID core driver
pxa27x_udc: version 01-Jul-2005
mice: PS/2 mouse device common for all mice
Driver for 1-wire Dallas network protocol.
The card does not match mmc protocol
No needed protocol, card won't be initialized
please load proper protocol
No slot for second controller, so no card detect IRQ.
The card does not match mmc protocol
No needed protocol, card won't be initialized
please load proper protocol
Advanced Linux Sound Architecture Driver Version 1.0.10rc1 (Mon Sep 12 08:13:09 2005 UTC).
ALSA device list:
  #0: pxa2xx-ac97 ()
NET: Registered protocol family 2
IP route cache hash table entries: 1024 (order: 0, 4096 bytes)
TCP established hash table entries: 4096 (order: 2, 16384 bytes)
TCP bind hash table entries: 4096 (order: 2, 16384 bytes)
TCP: Hash tables configured (established 4096 bind 4096)
TCP reno registered
TCP bic registered
NET: Registered protocol family 1
Current operating point is 4
Calibrating delay loop... 58.77 BogoMIPS (lpj=293888)
Calibrating delay loop... 103.42 BogoMIPS (lpj=517120)
Calibrating delay loop... 207.25 BogoMIPS (lpj=1036288)
Calibrating delay loop... 414.51 BogoMIPS (lpj=2072576)
Calibrating delay loop... 622.59 BogoMIPS (lpj=3112960)
eth0: link down
IP-Config: Complete:
      device=eth0, addr=192.168.1.101, mask=255.255.255.0, gw=255.255.255.255,
     host=192.168.1.101, domain=, nis-domain=(none),
     bootserver=192.168.1.100, rootserver=192.168.1.100, rootpath=
Looking up port of RPC 100003/2 on 192.168.1.100
eth0: link up, 100Mbps, full-duplex, lpa 0x45E1
Looking up port of RPC 100005/1 on 192.168.1.100
VFS: Mounted root (nfs filesystem).
Freeing init memory: 108K
